Archive member included to satisfy reference by file (symbol)

c:/program files (x86)/atmel/studio/7.0/toolchain/avr8/avr8-gnu-toolchain/bin/../lib/gcc/avr/5.4.0/avr5\libgcc.a(_exit.o)
                              c:/program files (x86)/atmel/studio/7.0/toolchain/avr8/avr8-gnu-toolchain/bin/../lib/gcc/avr/5.4.0/../../../../avr/lib/avr5/crtatmega32.o (exit)
c:/program files (x86)/atmel/studio/7.0/toolchain/avr8/avr8-gnu-toolchain/bin/../lib/gcc/avr/5.4.0/avr5\libgcc.a(_copy_data.o)
                              App/CFGH/MCAL_CFG/PORT_CFG/PORT_LCFG.o (__do_copy_data)

Discarded input sections

 .data          0x00000000        0x0 c:/program files (x86)/atmel/studio/7.0/toolchain/avr8/avr8-gnu-toolchain/bin/../lib/gcc/avr/5.4.0/../../../../avr/lib/avr5/crtatmega32.o
 .bss           0x00000000        0x0 c:/program files (x86)/atmel/studio/7.0/toolchain/avr8/avr8-gnu-toolchain/bin/../lib/gcc/avr/5.4.0/../../../../avr/lib/avr5/crtatmega32.o
 .text          0x00000000        0x0 App/CFGH/MCAL_CFG/PORT_CFG/PORT_LCFG.o
 .data          0x00000000        0x0 App/CFGH/MCAL_CFG/PORT_CFG/PORT_LCFG.o
 .bss           0x00000000        0x0 App/CFGH/MCAL_CFG/PORT_CFG/PORT_LCFG.o
 .text          0x00000000        0x0 App/MAIN/main.o
 .data          0x00000000        0x0 App/MAIN/main.o
 .bss           0x00000000        0x0 App/MAIN/main.o
 .text          0x00000000        0x0 HAL/BUTTON/BUTTON.o
 .data          0x00000000        0x0 HAL/BUTTON/BUTTON.o
 .bss           0x00000000        0x0 HAL/BUTTON/BUTTON.o
 .text.BUTTON_GETVALUE
                0x00000000       0x4e HAL/BUTTON/BUTTON.o
 .debug_info    0x00000000      0x197 HAL/BUTTON/BUTTON.o
 .debug_abbrev  0x00000000      0x111 HAL/BUTTON/BUTTON.o
 .debug_loc     0x00000000       0xc7 HAL/BUTTON/BUTTON.o
 .debug_aranges
                0x00000000       0x20 HAL/BUTTON/BUTTON.o
 .debug_ranges  0x00000000       0x10 HAL/BUTTON/BUTTON.o
 .debug_line    0x00000000      0x169 HAL/BUTTON/BUTTON.o
 .debug_str     0x00000000      0x210 HAL/BUTTON/BUTTON.o
 .comment       0x00000000       0x31 HAL/BUTTON/BUTTON.o
 .debug_frame   0x00000000       0x3c HAL/BUTTON/BUTTON.o
 .text          0x00000000        0x0 HAL/LCD/LCD_CORE.o
 .data          0x00000000        0x0 HAL/LCD/LCD_CORE.o
 .bss           0x00000000        0x0 HAL/LCD/LCD_CORE.o
 .text.LCD_CLEAR
                0x00000000        0x8 HAL/LCD/LCD_CORE.o
 .text.LCD_GOTO
                0x00000000       0x2e HAL/LCD/LCD_CORE.o
 .text          0x00000000        0x0 HAL/LED/LED.o
 .data          0x00000000        0x0 HAL/LED/LED.o
 .bss           0x00000000        0x0 HAL/LED/LED.o
 .text.LED_SET_VALUE
                0x00000000        0x6 HAL/LED/LED.o
 .text.LED_Toggle
                0x00000000       0x12 HAL/LED/LED.o
 .debug_info    0x00000000      0x1ac HAL/LED/LED.o
 .debug_abbrev  0x00000000       0xf3 HAL/LED/LED.o
 .debug_loc     0x00000000       0xa9 HAL/LED/LED.o
 .debug_aranges
                0x00000000       0x28 HAL/LED/LED.o
 .debug_ranges  0x00000000       0x18 HAL/LED/LED.o
 .debug_line    0x00000000      0x159 HAL/LED/LED.o
 .debug_str     0x00000000      0x225 HAL/LED/LED.o
 .comment       0x00000000       0x31 HAL/LED/LED.o
 .debug_frame   0x00000000       0x34 HAL/LED/LED.o
 .text          0x00000000        0x0 HAL/Relay/RELAY.o
 .data          0x00000000        0x0 HAL/Relay/RELAY.o
 .bss           0x00000000        0x0 HAL/Relay/RELAY.o
 .text.RELAY_Init
                0x00000000        0xe HAL/Relay/RELAY.o
 .text.RELAY_On
                0x00000000        0xe HAL/Relay/RELAY.o
 .text.RELAY_Off
                0x00000000        0xe HAL/Relay/RELAY.o
 .text.RELAY_Toggle
                0x00000000       0x12 HAL/Relay/RELAY.o
 .debug_info    0x00000000       0xe1 HAL/Relay/RELAY.o
 .debug_abbrev  0x00000000       0x51 HAL/Relay/RELAY.o
 .debug_aranges
                0x00000000       0x38 HAL/Relay/RELAY.o
 .debug_ranges  0x00000000       0x28 HAL/Relay/RELAY.o
 .debug_line    0x00000000       0xb8 HAL/Relay/RELAY.o
 .debug_str     0x00000000      0x1c0 HAL/Relay/RELAY.o
 .comment       0x00000000       0x31 HAL/Relay/RELAY.o
 .debug_frame   0x00000000       0x54 HAL/Relay/RELAY.o
 .text          0x00000000        0x0 HAL/Seven Segment/Seven_Seg.o
 .data          0x00000000        0x0 HAL/Seven Segment/Seven_Seg.o
 .bss           0x00000000        0x0 HAL/Seven Segment/Seven_Seg.o
 .text.SEVEN_SEG_Init
                0x00000000       0x12 HAL/Seven Segment/Seven_Seg.o
 .text.SEVEN_SEG_Display
                0x00000000       0x3e HAL/Seven Segment/Seven_Seg.o
 .data.SEVEN_SEG
                0x00000000        0xa HAL/Seven Segment/Seven_Seg.o
 .debug_info    0x00000000      0x195 HAL/Seven Segment/Seven_Seg.o
 .debug_abbrev  0x00000000      0x105 HAL/Seven Segment/Seven_Seg.o
 .debug_loc     0x00000000       0x8c HAL/Seven Segment/Seven_Seg.o
 .debug_aranges
                0x00000000       0x28 HAL/Seven Segment/Seven_Seg.o
 .debug_ranges  0x00000000       0x18 HAL/Seven Segment/Seven_Seg.o
 .debug_line    0x00000000      0x185 HAL/Seven Segment/Seven_Seg.o
 .debug_str     0x00000000      0x219 HAL/Seven Segment/Seven_Seg.o
 .comment       0x00000000       0x31 HAL/Seven Segment/Seven_Seg.o
 .debug_frame   0x00000000       0x34 HAL/Seven Segment/Seven_Seg.o
 .text          0x00000000        0x0 MCAL/DIO/DIO_CORE.o
 .data          0x00000000        0x0 MCAL/DIO/DIO_CORE.o
 .bss           0x00000000        0x0 MCAL/DIO/DIO_CORE.o
 .text.DIO_READ_CHANNEL
                0x00000000       0x82 MCAL/DIO/DIO_CORE.o
 .text.DIO_TOGGLE_CHANNEL
                0x00000000       0x82 MCAL/DIO/DIO_CORE.o
 .text.DIO_WRITE_PORT
                0x00000000       0x26 MCAL/DIO/DIO_CORE.o
 .text.DIO_READ_PORT
                0x00000000       0x36 MCAL/DIO/DIO_CORE.o
 .text.DIO_READ_OUTPUT_PORT
                0x00000000       0x36 MCAL/DIO/DIO_CORE.o
 .text          0x00000000        0x0 MCAL/PORT/PORT_CORE.o
 .data          0x00000000        0x0 MCAL/PORT/PORT_CORE.o
 .bss           0x00000000        0x0 MCAL/PORT/PORT_CORE.o
 .text          0x00000000        0x0 c:/program files (x86)/atmel/studio/7.0/toolchain/avr8/avr8-gnu-toolchain/bin/../lib/gcc/avr/5.4.0/avr5\libgcc.a(_exit.o)
 .data          0x00000000        0x0 c:/program files (x86)/atmel/studio/7.0/toolchain/avr8/avr8-gnu-toolchain/bin/../lib/gcc/avr/5.4.0/avr5\libgcc.a(_exit.o)
 .bss           0x00000000        0x0 c:/program files (x86)/atmel/studio/7.0/toolchain/avr8/avr8-gnu-toolchain/bin/../lib/gcc/avr/5.4.0/avr5\libgcc.a(_exit.o)
 .text.libgcc.mul
                0x00000000        0x0 c:/program files (x86)/atmel/studio/7.0/toolchain/avr8/avr8-gnu-toolchain/bin/../lib/gcc/avr/5.4.0/avr5\libgcc.a(_exit.o)
 .text.libgcc.div
                0x00000000        0x0 c:/program files (x86)/atmel/studio/7.0/toolchain/avr8/avr8-gnu-toolchain/bin/../lib/gcc/avr/5.4.0/avr5\libgcc.a(_exit.o)
 .text.libgcc   0x00000000        0x0 c:/program files (x86)/atmel/studio/7.0/toolchain/avr8/avr8-gnu-toolchain/bin/../lib/gcc/avr/5.4.0/avr5\libgcc.a(_exit.o)
 .text.libgcc.prologue
                0x00000000        0x0 c:/program files (x86)/atmel/studio/7.0/toolchain/avr8/avr8-gnu-toolchain/bin/../lib/gcc/avr/5.4.0/avr5\libgcc.a(_exit.o)
 .text.libgcc.builtins
                0x00000000        0x0 c:/program files (x86)/atmel/studio/7.0/toolchain/avr8/avr8-gnu-toolchain/bin/../lib/gcc/avr/5.4.0/avr5\libgcc.a(_exit.o)
 .text.libgcc.fmul
                0x00000000        0x0 c:/program files (x86)/atmel/studio/7.0/toolchain/avr8/avr8-gnu-toolchain/bin/../lib/gcc/avr/5.4.0/avr5\libgcc.a(_exit.o)
 .text.libgcc.fixed
                0x00000000        0x0 c:/program files (x86)/atmel/studio/7.0/toolchain/avr8/avr8-gnu-toolchain/bin/../lib/gcc/avr/5.4.0/avr5\libgcc.a(_exit.o)
 .text          0x00000000        0x0 c:/program files (x86)/atmel/studio/7.0/toolchain/avr8/avr8-gnu-toolchain/bin/../lib/gcc/avr/5.4.0/avr5\libgcc.a(_copy_data.o)
 .data          0x00000000        0x0 c:/program files (x86)/atmel/studio/7.0/toolchain/avr8/avr8-gnu-toolchain/bin/../lib/gcc/avr/5.4.0/avr5\libgcc.a(_copy_data.o)
 .bss           0x00000000        0x0 c:/program files (x86)/atmel/studio/7.0/toolchain/avr8/avr8-gnu-toolchain/bin/../lib/gcc/avr/5.4.0/avr5\libgcc.a(_copy_data.o)
 .text.libgcc.mul
                0x00000000        0x0 c:/program files (x86)/atmel/studio/7.0/toolchain/avr8/avr8-gnu-toolchain/bin/../lib/gcc/avr/5.4.0/avr5\libgcc.a(_copy_data.o)
 .text.libgcc.div
                0x00000000        0x0 c:/program files (x86)/atmel/studio/7.0/toolchain/avr8/avr8-gnu-toolchain/bin/../lib/gcc/avr/5.4.0/avr5\libgcc.a(_copy_data.o)
 .text.libgcc   0x00000000        0x0 c:/program files (x86)/atmel/studio/7.0/toolchain/avr8/avr8-gnu-toolchain/bin/../lib/gcc/avr/5.4.0/avr5\libgcc.a(_copy_data.o)
 .text.libgcc.prologue
                0x00000000        0x0 c:/program files (x86)/atmel/studio/7.0/toolchain/avr8/avr8-gnu-toolchain/bin/../lib/gcc/avr/5.4.0/avr5\libgcc.a(_copy_data.o)
 .text.libgcc.builtins
                0x00000000        0x0 c:/program files (x86)/atmel/studio/7.0/toolchain/avr8/avr8-gnu-toolchain/bin/../lib/gcc/avr/5.4.0/avr5\libgcc.a(_copy_data.o)
 .text.libgcc.fmul
                0x00000000        0x0 c:/program files (x86)/atmel/studio/7.0/toolchain/avr8/avr8-gnu-toolchain/bin/../lib/gcc/avr/5.4.0/avr5\libgcc.a(_copy_data.o)
 .text.libgcc.fixed
                0x00000000        0x0 c:/program files (x86)/atmel/studio/7.0/toolchain/avr8/avr8-gnu-toolchain/bin/../lib/gcc/avr/5.4.0/avr5\libgcc.a(_copy_data.o)

Memory Configuration

Name             Origin             Length             Attributes
text             0x00000000         0x00008000         xr
data             0x00800060         0x00000800         rw !x
eeprom           0x00810000         0x00000400         rw !x
fuse             0x00820000         0x00000002         rw !x
lock             0x00830000         0x00000400         rw !x
signature        0x00840000         0x00000400         rw !x
user_signatures  0x00850000         0x00000400         rw !x
*default*        0x00000000         0xffffffff

Linker script and memory map

LOAD c:/program files (x86)/atmel/studio/7.0/toolchain/avr8/avr8-gnu-toolchain/bin/../lib/gcc/avr/5.4.0/../../../../avr/lib/avr5/crtatmega32.o
LOAD App/CFGH/MCAL_CFG/PORT_CFG/PORT_LCFG.o
LOAD App/MAIN/main.o
LOAD HAL/BUTTON/BUTTON.o
LOAD HAL/LCD/LCD_CORE.o
LOAD HAL/LED/LED.o
LOAD HAL/Relay/RELAY.o
LOAD HAL/Seven Segment/Seven_Seg.o
LOAD MCAL/DIO/DIO_CORE.o
LOAD MCAL/PORT/PORT_CORE.o
START GROUP
LOAD c:/program files (x86)/atmel/studio/7.0/toolchain/avr8/avr8-gnu-toolchain/bin/../lib/gcc/avr/5.4.0/../../../../avr/lib/avr5\libm.a
END GROUP
START GROUP
LOAD c:/program files (x86)/atmel/studio/7.0/toolchain/avr8/avr8-gnu-toolchain/bin/../lib/gcc/avr/5.4.0/avr5\libgcc.a
LOAD c:/program files (x86)/atmel/studio/7.0/toolchain/avr8/avr8-gnu-toolchain/bin/../lib/gcc/avr/5.4.0/../../../../avr/lib/avr5\libm.a
LOAD c:/program files (x86)/atmel/studio/7.0/toolchain/avr8/avr8-gnu-toolchain/bin/../lib/gcc/avr/5.4.0/../../../../avr/lib/avr5\libc.a
LOAD c:/program files (x86)/atmel/studio/7.0/toolchain/avr8/avr8-gnu-toolchain/bin/../lib/gcc/avr/5.4.0/../../../../avr/lib/avr5\libatmega32.a
END GROUP
                0x00000000                __TEXT_REGION_ORIGIN__ = DEFINED (__TEXT_REGION_ORIGIN__)?__TEXT_REGION_ORIGIN__:0x0
                [0x00800060]                __DATA_REGION_ORIGIN__ = DEFINED (__DATA_REGION_ORIGIN__)?__DATA_REGION_ORIGIN__:0x800060
                [0x00008000]                __TEXT_REGION_LENGTH__ = DEFINED (__TEXT_REGION_LENGTH__)?__TEXT_REGION_LENGTH__:0x20000
                [0x00000800]                __DATA_REGION_LENGTH__ = DEFINED (__DATA_REGION_LENGTH__)?__DATA_REGION_LENGTH__:0xffa0
                [0x00000400]                __EEPROM_REGION_LENGTH__ = DEFINED (__EEPROM_REGION_LENGTH__)?__EEPROM_REGION_LENGTH__:0x10000
                [0x00000002]                __FUSE_REGION_LENGTH__ = DEFINED (__FUSE_REGION_LENGTH__)?__FUSE_REGION_LENGTH__:0x400
                0x00000400                __LOCK_REGION_LENGTH__ = DEFINED (__LOCK_REGION_LENGTH__)?__LOCK_REGION_LENGTH__:0x400
                0x00000400                __SIGNATURE_REGION_LENGTH__ = DEFINED (__SIGNATURE_REGION_LENGTH__)?__SIGNATURE_REGION_LENGTH__:0x400
                0x00000400                __USER_SIGNATURE_REGION_LENGTH__ = DEFINED (__USER_SIGNATURE_REGION_LENGTH__)?__USER_SIGNATURE_REGION_LENGTH__:0x400

.hash
 *(.hash)

.dynsym
 *(.dynsym)

.dynstr
 *(.dynstr)

.gnu.version
 *(.gnu.version)

.gnu.version_d
 *(.gnu.version_d)

.gnu.version_r
 *(.gnu.version_r)

.rel.init
 *(.rel.init)

.rela.init
 *(.rela.init)

.rel.text
 *(.rel.text)
 *(.rel.text.*)
 *(.rel.gnu.linkonce.t*)

.rela.text
 *(.rela.text)
 *(.rela.text.*)
 *(.rela.gnu.linkonce.t*)

.rel.fini
 *(.rel.fini)

.rela.fini
 *(.rela.fini)

.rel.rodata
 *(.rel.rodata)
 *(.rel.rodata.*)
 *(.rel.gnu.linkonce.r*)

.rela.rodata
 *(.rela.rodata)
 *(.rela.rodata.*)
 *(.rela.gnu.linkonce.r*)

.rel.data
 *(.rel.data)
 *(.rel.data.*)
 *(.rel.gnu.linkonce.d*)

.rela.data
 *(.rela.data)
 *(.rela.data.*)
 *(.rela.gnu.linkonce.d*)

.rel.ctors
 *(.rel.ctors)

.rela.ctors
 *(.rela.ctors)

.rel.dtors
 *(.rel.dtors)

.rela.dtors
 *(.rela.dtors)

.rel.got
 *(.rel.got)

.rela.got
 *(.rela.got)

.rel.bss
 *(.rel.bss)

.rela.bss
 *(.rela.bss)

.rel.plt
 *(.rel.plt)

.rela.plt
 *(.rela.plt)

.text           0x00000000      0x478
 *(.vectors)
 .vectors       0x00000000       0x54 c:/program files (x86)/atmel/studio/7.0/toolchain/avr8/avr8-gnu-toolchain/bin/../lib/gcc/avr/5.4.0/../../../../avr/lib/avr5/crtatmega32.o
                0x00000000                __vector_default
                0x00000000                __vectors
 *(.vectors)
 *(.progmem.gcc*)
                0x00000054                . = ALIGN (0x2)
                0x00000054                __trampolines_start = .
 *(.trampolines)
 .trampolines   0x00000054        0x0 linker stubs
 *(.trampolines*)
                0x00000054                __trampolines_end = .
 *libprintf_flt.a:*(.progmem.data)
 *libc.a:*(.progmem.data)
 *(.progmem*)
                0x00000054                . = ALIGN (0x2)
 *(.jumptables)
 *(.jumptables*)
 *(.lowtext)
 *(.lowtext*)
                0x00000054                __ctors_start = .
 *(.ctors)
                0x00000054                __ctors_end = .
                0x00000054                __dtors_start = .
 *(.dtors)
                0x00000054                __dtors_end = .
 SORT(*)(.ctors)
 SORT(*)(.dtors)
 *(.init0)
 .init0         0x00000054        0x0 c:/program files (x86)/atmel/studio/7.0/toolchain/avr8/avr8-gnu-toolchain/bin/../lib/gcc/avr/5.4.0/../../../../avr/lib/avr5/crtatmega32.o
                0x00000054                __init
 *(.init0)
 *(.init1)
 *(.init1)
 *(.init2)
 .init2         0x00000054        0xc c:/program files (x86)/atmel/studio/7.0/toolchain/avr8/avr8-gnu-toolchain/bin/../lib/gcc/avr/5.4.0/../../../../avr/lib/avr5/crtatmega32.o
 *(.init2)
 *(.init3)
 *(.init3)
 *(.init4)
 .init4         0x00000060       0x16 c:/program files (x86)/atmel/studio/7.0/toolchain/avr8/avr8-gnu-toolchain/bin/../lib/gcc/avr/5.4.0/avr5\libgcc.a(_copy_data.o)
                0x00000060                __do_copy_data
 *(.init4)
 *(.init5)
 *(.init5)
 *(.init6)
 *(.init6)
 *(.init7)
 *(.init7)
 *(.init8)
 *(.init8)
 *(.init9)
 .init9         0x00000076        0x8 c:/program files (x86)/atmel/studio/7.0/toolchain/avr8/avr8-gnu-toolchain/bin/../lib/gcc/avr/5.4.0/../../../../avr/lib/avr5/crtatmega32.o
 *(.init9)
 *(.text)
 .text          0x0000007e        0x4 c:/program files (x86)/atmel/studio/7.0/toolchain/avr8/avr8-gnu-toolchain/bin/../lib/gcc/avr/5.4.0/../../../../avr/lib/avr5/crtatmega32.o
                0x0000007e                __vector_1
                0x0000007e                __vector_12
                0x0000007e                __bad_interrupt
                0x0000007e                __vector_6
                0x0000007e                __vector_3
                0x0000007e                __vector_11
                0x0000007e                __vector_13
                0x0000007e                __vector_17
                0x0000007e                __vector_19
                0x0000007e                __vector_7
                0x0000007e                __vector_5
                0x0000007e                __vector_4
                0x0000007e                __vector_9
                0x0000007e                __vector_2
                0x0000007e                __vector_15
                0x0000007e                __vector_8
                0x0000007e                __vector_14
                0x0000007e                __vector_10
                0x0000007e                __vector_16
                0x0000007e                __vector_18
                0x0000007e                __vector_20
                0x00000082                . = ALIGN (0x2)
 *(.text.*)
 .text.main     0x00000082       0x12 App/MAIN/main.o
                0x00000082                main
 .text.LCD_WRITE_COMMAND
                0x00000094       0xbc HAL/LCD/LCD_CORE.o
                0x00000094                LCD_WRITE_COMMAND
 .text.LCD_Init
                0x00000150       0x2c HAL/LCD/LCD_CORE.o
                0x00000150                LCD_Init
 .text.LCD_WRITE_CHAR
                0x0000017c       0xbc HAL/LCD/LCD_CORE.o
                0x0000017c                LCD_WRITE_CHAR
 .text.LCD_WRITE_STRING
                0x00000238       0x26 HAL/LCD/LCD_CORE.o
                0x00000238                LCD_WRITE_STRING
 .text.DIO_WRITE_CHANNEL
                0x0000025e      0x10e MCAL/DIO/DIO_CORE.o
                0x0000025e                DIO_WRITE_CHANNEL
 .text.PORT_Init
                0x0000036c      0x108 MCAL/PORT/PORT_CORE.o
                0x0000036c                PORT_Init
                0x00000474                . = ALIGN (0x2)
 *(.fini9)
 .fini9         0x00000474        0x0 c:/program files (x86)/atmel/studio/7.0/toolchain/avr8/avr8-gnu-toolchain/bin/../lib/gcc/avr/5.4.0/avr5\libgcc.a(_exit.o)
                0x00000474                _exit
                0x00000474                exit
 *(.fini9)
 *(.fini8)
 *(.fini8)
 *(.fini7)
 *(.fini7)
 *(.fini6)
 *(.fini6)
 *(.fini5)
 *(.fini5)
 *(.fini4)
 *(.fini4)
 *(.fini3)
 *(.fini3)
 *(.fini2)
 *(.fini2)
 *(.fini1)
 *(.fini1)
 *(.fini0)
 .fini0         0x00000474        0x4 c:/program files (x86)/atmel/studio/7.0/toolchain/avr8/avr8-gnu-toolchain/bin/../lib/gcc/avr/5.4.0/avr5\libgcc.a(_exit.o)
 *(.fini0)
                0x00000478                _etext = .

.data           0x00800060       0x18 load address 0x00000478
                0x00800060                PROVIDE (__data_start, .)
 *(.data)
 *(.data*)
 *(.gnu.linkonce.d*)
 *(.rodata)
 *(.rodata*)
 .rodata.PORT_Initialization
                0x00800060       0x12 App/CFGH/MCAL_CFG/PORT_CFG/PORT_LCFG.o
                0x00800060                PORT_Initialization
 .rodata.str1.1
                0x00800072        0x6 App/MAIN/main.o
 *(.gnu.linkonce.r*)
                0x00800078                . = ALIGN (0x2)
                0x00800078                _edata = .
                0x00800078                PROVIDE (__data_end, .)

.bss            0x00800078        0x0
                [!provide]                PROVIDE (__bss_start, .)
 *(.bss)
 *(.bss*)
 *(COMMON)
                [!provide]                PROVIDE (__bss_end, .)
                0x00000478                __data_load_start = LOADADDR (.data)
                0x00000490                __data_load_end = (__data_load_start + SIZEOF (.data))

.noinit         0x00800078        0x0
                [!provide]                PROVIDE (__noinit_start, .)
 *(.noinit*)
                [!provide]                PROVIDE (__noinit_end, .)
                0x00800078                _end = .
                [!provide]                PROVIDE (__heap_start, .)

.eeprom         0x00810000        0x0
 *(.eeprom*)
                0x00810000                __eeprom_end = .

.fuse
 *(.fuse)
 *(.lfuse)
 *(.hfuse)
 *(.efuse)

.lock
 *(.lock*)

.signature
 *(.signature*)

.user_signatures
 *(.user_signatures*)

.stab
 *(.stab)

.stabstr
 *(.stabstr)

.stab.excl
 *(.stab.excl)

.stab.exclstr
 *(.stab.exclstr)

.stab.index
 *(.stab.index)

.stab.indexstr
 *(.stab.indexstr)

.comment        0x00000000       0x30
 *(.comment)
 .comment       0x00000000       0x30 App/CFGH/MCAL_CFG/PORT_CFG/PORT_LCFG.o
                                 0x31 (size before relaxing)
 .comment       0x00000030       0x31 App/MAIN/main.o
 .comment       0x00000030       0x31 HAL/LCD/LCD_CORE.o
 .comment       0x00000030       0x31 MCAL/DIO/DIO_CORE.o
 .comment       0x00000030       0x31 MCAL/PORT/PORT_CORE.o

.note.gnu.avr.deviceinfo
                0x00000000       0x3c
 .note.gnu.avr.deviceinfo
                0x00000000       0x3c c:/program files (x86)/atmel/studio/7.0/toolchain/avr8/avr8-gnu-toolchain/bin/../lib/gcc/avr/5.4.0/../../../../avr/lib/avr5/crtatmega32.o

.note.gnu.build-id
 *(.note.gnu.build-id)

.debug
 *(.debug)

.line
 *(.line)

.debug_srcinfo
 *(.debug_srcinfo)

.debug_sfnames
 *(.debug_sfnames)

.debug_aranges  0x00000000       0xe8
 *(.debug_aranges)
 .debug_aranges
                0x00000000       0x18 App/CFGH/MCAL_CFG/PORT_CFG/PORT_LCFG.o
 .debug_aranges
                0x00000018       0x20 App/MAIN/main.o
 .debug_aranges
                0x00000038       0x48 HAL/LCD/LCD_CORE.o
 .debug_aranges
                0x00000080       0x48 MCAL/DIO/DIO_CORE.o
 .debug_aranges
                0x000000c8       0x20 MCAL/PORT/PORT_CORE.o

.debug_pubnames
 *(.debug_pubnames)

.debug_info     0x00000000     0x11ee
 *(.debug_info .gnu.linkonce.wi.*)
 .debug_info    0x00000000      0x4e6 c:/program files (x86)/atmel/studio/7.0/toolchain/avr8/avr8-gnu-toolchain/bin/../lib/gcc/avr/5.4.0/../../../../avr/lib/avr5/crtatmega32.o
 .debug_info    0x000004e6      0x104 App/CFGH/MCAL_CFG/PORT_CFG/PORT_LCFG.o
 .debug_info    0x000005ea       0xef App/MAIN/main.o
 .debug_info    0x000006d9      0x727 HAL/LCD/LCD_CORE.o
 .debug_info    0x00000e00      0x28c MCAL/DIO/DIO_CORE.o
 .debug_info    0x0000108c      0x162 MCAL/PORT/PORT_CORE.o

.debug_abbrev   0x00000000      0x8fc
 *(.debug_abbrev)
 .debug_abbrev  0x00000000      0x4a3 c:/program files (x86)/atmel/studio/7.0/toolchain/avr8/avr8-gnu-toolchain/bin/../lib/gcc/avr/5.4.0/../../../../avr/lib/avr5/crtatmega32.o
 .debug_abbrev  0x000004a3       0x91 App/CFGH/MCAL_CFG/PORT_CFG/PORT_LCFG.o
 .debug_abbrev  0x00000534       0x7f App/MAIN/main.o
 .debug_abbrev  0x000005b3      0x185 HAL/LCD/LCD_CORE.o
 .debug_abbrev  0x00000738       0xf5 MCAL/DIO/DIO_CORE.o
 .debug_abbrev  0x0000082d       0xcf MCAL/PORT/PORT_CORE.o

.debug_line     0x00000000      0x764
 *(.debug_line .debug_line.* .debug_line_end)
 .debug_line    0x00000000       0x1a c:/program files (x86)/atmel/studio/7.0/toolchain/avr8/avr8-gnu-toolchain/bin/../lib/gcc/avr/5.4.0/../../../../avr/lib/avr5/crtatmega32.o
 .debug_line    0x0000001a       0x69 App/CFGH/MCAL_CFG/PORT_CFG/PORT_LCFG.o
 .debug_line    0x00000083       0x87 App/MAIN/main.o
 .debug_line    0x0000010a      0x2e8 HAL/LCD/LCD_CORE.o
 .debug_line    0x000003f2      0x24c MCAL/DIO/DIO_CORE.o
 .debug_line    0x0000063e      0x126 MCAL/PORT/PORT_CORE.o

.debug_frame    0x00000000      0x160
 *(.debug_frame)
 .debug_frame   0x00000000       0x24 App/MAIN/main.o
 .debug_frame   0x00000024       0xa4 HAL/LCD/LCD_CORE.o
 .debug_frame   0x000000c8       0x74 MCAL/DIO/DIO_CORE.o
 .debug_frame   0x0000013c       0x24 MCAL/PORT/PORT_CORE.o

.debug_str      0x00000000      0x50c
 *(.debug_str)
 .debug_str     0x00000000      0x196 c:/program files (x86)/atmel/studio/7.0/toolchain/avr8/avr8-gnu-toolchain/bin/../lib/gcc/avr/5.4.0/../../../../avr/lib/avr5/crtatmega32.o
 .debug_str     0x00000196      0x1d5 App/CFGH/MCAL_CFG/PORT_CFG/PORT_LCFG.o
                                0x209 (size before relaxing)
 .debug_str     0x0000036b       0x3c App/MAIN/main.o
                                0x1b6 (size before relaxing)
 .debug_str     0x000003a7       0xc5 HAL/LCD/LCD_CORE.o
                                0x268 (size before relaxing)
 .debug_str     0x0000046c       0x82 MCAL/DIO/DIO_CORE.o
                                0x232 (size before relaxing)
 .debug_str     0x000004ee       0x1e MCAL/PORT/PORT_CORE.o
                                0x207 (size before relaxing)

.debug_loc      0x00000000      0x9cf
 *(.debug_loc)
 .debug_loc     0x00000000      0x35c HAL/LCD/LCD_CORE.o
 .debug_loc     0x0000035c      0x522 MCAL/DIO/DIO_CORE.o
 .debug_loc     0x0000087e      0x151 MCAL/PORT/PORT_CORE.o

.debug_macinfo
 *(.debug_macinfo)

.debug_weaknames
 *(.debug_weaknames)

.debug_funcnames
 *(.debug_funcnames)

.debug_typenames
 *(.debug_typenames)

.debug_varnames
 *(.debug_varnames)

.debug_pubtypes
 *(.debug_pubtypes)

.debug_ranges   0x00000000       0x90
 *(.debug_ranges)
 .debug_ranges  0x00000000       0x10 App/MAIN/main.o
 .debug_ranges  0x00000010       0x38 HAL/LCD/LCD_CORE.o
 .debug_ranges  0x00000048       0x38 MCAL/DIO/DIO_CORE.o
 .debug_ranges  0x00000080       0x10 MCAL/PORT/PORT_CORE.o

.debug_macro
 *(.debug_macro)
OUTPUT(COTS.elf elf32-avr)
LOAD linker stubs
